
There are no discarded input sections

Memory Configuration

Name             Origin             Length             Attributes
*default*        0x00000000         0xffffffff

Linker script and memory map

                0x00011000                        . = KERNEL32_ADDR

.text           0x00011000     0x17c3
 *(.text*)
 .text          0x00011000       0x17 C:/Users/Sniperchicken/Desktop/kernel/build/k32_entry.o
                0x00011000                _start32
 *fill*         0x00011017        0x9 
 .text          0x00011020      0xe67 C:/Users/Sniperchicken/Desktop/kernel/build/kernel/isr.o
                0x00011047                isr_stub_0
                0x0001104d                isr_stub_1
                0x00011053                isr_stub_2
                0x00011059                isr_stub_3
                0x0001105f                isr_stub_4
                0x00011065                isr_stub_5
                0x0001106b                isr_stub_6
                0x00011071                isr_stub_7
                0x00011077                isr_stub_8
                0x0001107b                isr_stub_9
                0x00011081                isr_stub_10
                0x00011085                isr_stub_11
                0x00011089                isr_stub_12
                0x0001108d                isr_stub_13
                0x00011091                isr_stub_14
                0x00011095                isr_stub_15
                0x0001109b                isr_stub_16
                0x000110a4                isr_stub_17
                0x000110ab                isr_stub_18
                0x000110b4                isr_stub_19
                0x000110bd                isr_stub_20
                0x000110c6                isr_stub_21
                0x000110cd                isr_stub_22
                0x000110d6                isr_stub_23
                0x000110df                isr_stub_24
                0x000110e8                isr_stub_25
                0x000110f1                isr_stub_26
                0x000110fa                isr_stub_27
                0x00011103                isr_stub_28
                0x0001110c                isr_stub_29
                0x00011115                isr_stub_30
                0x0001111e                isr_stub_31
                0x00011127                isr_stub_32
                0x00011130                isr_stub_33
                0x00011139                isr_stub_34
                0x00011142                isr_stub_35
                0x0001114b                isr_stub_36
                0x00011154                isr_stub_37
                0x0001115d                isr_stub_38
                0x00011166                isr_stub_39
                0x0001116f                isr_stub_40
                0x00011178                isr_stub_41
                0x00011181                isr_stub_42
                0x0001118a                isr_stub_43
                0x00011193                isr_stub_44
                0x0001119c                isr_stub_45
                0x000111a5                isr_stub_46
                0x000111ae                isr_stub_47
                0x000111b7                isr_stub_48
                0x000111c0                isr_stub_49
                0x000111c9                isr_stub_50
                0x000111d2                isr_stub_51
                0x000111db                isr_stub_52
                0x000111e4                isr_stub_53
                0x000111ed                isr_stub_54
                0x000111f6                isr_stub_55
                0x000111ff                isr_stub_56
                0x00011208                isr_stub_57
                0x00011211                isr_stub_58
                0x0001121a                isr_stub_59
                0x00011223                isr_stub_60
                0x0001122c                isr_stub_61
                0x00011235                isr_stub_62
                0x0001123e                isr_stub_63
                0x00011247                isr_stub_64
                0x00011250                isr_stub_65
                0x00011259                isr_stub_66
                0x00011262                isr_stub_67
                0x0001126b                isr_stub_68
                0x00011274                isr_stub_69
                0x0001127d                isr_stub_70
                0x00011286                isr_stub_71
                0x0001128f                isr_stub_72
                0x00011298                isr_stub_73
                0x000112a1                isr_stub_74
                0x000112aa                isr_stub_75
                0x000112b3                isr_stub_76
                0x000112bc                isr_stub_77
                0x000112c5                isr_stub_78
                0x000112ce                isr_stub_79
                0x000112d7                isr_stub_80
                0x000112e0                isr_stub_81
                0x000112e9                isr_stub_82
                0x000112f2                isr_stub_83
                0x000112fb                isr_stub_84
                0x00011304                isr_stub_85
                0x0001130d                isr_stub_86
                0x00011316                isr_stub_87
                0x0001131f                isr_stub_88
                0x00011328                isr_stub_89
                0x00011331                isr_stub_90
                0x0001133a                isr_stub_91
                0x00011343                isr_stub_92
                0x0001134c                isr_stub_93
                0x00011355                isr_stub_94
                0x0001135e                isr_stub_95
                0x00011367                isr_stub_96
                0x00011370                isr_stub_97
                0x00011379                isr_stub_98
                0x00011382                isr_stub_99
                0x0001138b                isr_stub_100
                0x00011394                isr_stub_101
                0x0001139d                isr_stub_102
                0x000113a6                isr_stub_103
                0x000113af                isr_stub_104
                0x000113b8                isr_stub_105
                0x000113c1                isr_stub_106
                0x000113ca                isr_stub_107
                0x000113d3                isr_stub_108
                0x000113dc                isr_stub_109
                0x000113e5                isr_stub_110
                0x000113ee                isr_stub_111
                0x000113f7                isr_stub_112
                0x00011400                isr_stub_113
                0x00011409                isr_stub_114
                0x00011412                isr_stub_115
                0x0001141b                isr_stub_116
                0x00011424                isr_stub_117
                0x0001142d                isr_stub_118
                0x00011436                isr_stub_119
                0x0001143f                isr_stub_120
                0x00011448                isr_stub_121
                0x00011451                isr_stub_122
                0x0001145a                isr_stub_123
                0x00011463                isr_stub_124
                0x0001146c                isr_stub_125
                0x00011475                isr_stub_126
                0x0001147e                isr_stub_127
                0x00011487                isr_stub_128
                0x00011493                isr_stub_129
                0x0001149f                isr_stub_130
                0x000114ab                isr_stub_131
                0x000114b7                isr_stub_132
                0x000114c3                isr_stub_133
                0x000114cf                isr_stub_134
                0x000114db                isr_stub_135
                0x000114e7                isr_stub_136
                0x000114f3                isr_stub_137
                0x000114ff                isr_stub_138
                0x0001150b                isr_stub_139
                0x00011517                isr_stub_140
                0x00011523                isr_stub_141
                0x0001152f                isr_stub_142
                0x0001153b                isr_stub_143
                0x00011547                isr_stub_144
                0x00011553                isr_stub_145
                0x0001155f                isr_stub_146
                0x0001156b                isr_stub_147
                0x00011577                isr_stub_148
                0x00011583                isr_stub_149
                0x0001158f                isr_stub_150
                0x0001159b                isr_stub_151
                0x000115a7                isr_stub_152
                0x000115b3                isr_stub_153
                0x000115bf                isr_stub_154
                0x000115cb                isr_stub_155
                0x000115d7                isr_stub_156
                0x000115e3                isr_stub_157
                0x000115ef                isr_stub_158
                0x000115fb                isr_stub_159
                0x00011607                isr_stub_160
                0x00011613                isr_stub_161
                0x0001161f                isr_stub_162
                0x0001162b                isr_stub_163
                0x00011637                isr_stub_164
                0x00011643                isr_stub_165
                0x0001164f                isr_stub_166
                0x0001165b                isr_stub_167
                0x00011667                isr_stub_168
                0x00011673                isr_stub_169
                0x0001167f                isr_stub_170
                0x0001168b                isr_stub_171
                0x00011697                isr_stub_172
                0x000116a3                isr_stub_173
                0x000116af                isr_stub_174
                0x000116bb                isr_stub_175
                0x000116c7                isr_stub_176
                0x000116d3                isr_stub_177
                0x000116df                isr_stub_178
                0x000116eb                isr_stub_179
                0x000116f7                isr_stub_180
                0x00011703                isr_stub_181
                0x0001170f                isr_stub_182
                0x0001171b                isr_stub_183
                0x00011727                isr_stub_184
                0x00011733                isr_stub_185
                0x0001173f                isr_stub_186
                0x0001174b                isr_stub_187
                0x00011757                isr_stub_188
                0x00011763                isr_stub_189
                0x0001176f                isr_stub_190
                0x0001177b                isr_stub_191
                0x00011787                isr_stub_192
                0x00011793                isr_stub_193
                0x0001179f                isr_stub_194
                0x000117ab                isr_stub_195
                0x000117b7                isr_stub_196
                0x000117c3                isr_stub_197
                0x000117cf                isr_stub_198
                0x000117db                isr_stub_199
                0x000117e7                isr_stub_200
                0x000117f3                isr_stub_201
                0x000117ff                isr_stub_202
                0x0001180b                isr_stub_203
                0x00011817                isr_stub_204
                0x00011823                isr_stub_205
                0x0001182f                isr_stub_206
                0x0001183b                isr_stub_207
                0x00011847                isr_stub_208
                0x00011853                isr_stub_209
                0x0001185f                isr_stub_210
                0x0001186b                isr_stub_211
                0x00011877                isr_stub_212
                0x00011883                isr_stub_213
                0x0001188f                isr_stub_214
                0x0001189b                isr_stub_215
                0x000118a7                isr_stub_216
                0x000118b3                isr_stub_217
                0x000118bf                isr_stub_218
                0x000118cb                isr_stub_219
                0x000118d7                isr_stub_220
                0x000118e3                isr_stub_221
                0x000118ef                isr_stub_222
                0x000118fb                isr_stub_223
                0x00011907                isr_stub_224
                0x00011913                isr_stub_225
                0x0001191f                isr_stub_226
                0x0001192b                isr_stub_227
                0x00011937                isr_stub_228
                0x00011943                isr_stub_229
                0x0001194f                isr_stub_230
                0x0001195b                isr_stub_231
                0x00011967                isr_stub_232
                0x00011973                isr_stub_233
                0x0001197f                isr_stub_234
                0x0001198b                isr_stub_235
                0x00011997                isr_stub_236
                0x000119a3                isr_stub_237
                0x000119af                isr_stub_238
                0x000119bb                isr_stub_239
                0x000119c7                isr_stub_240
                0x000119d3                isr_stub_241
                0x000119df                isr_stub_242
                0x000119eb                isr_stub_243
                0x000119f7                isr_stub_244
                0x00011a03                isr_stub_245
                0x00011a0f                isr_stub_246
                0x00011a1b                isr_stub_247
                0x00011a27                isr_stub_248
                0x00011a33                isr_stub_249
                0x00011a3f                isr_stub_250
                0x00011a4b                isr_stub_251
                0x00011a57                isr_stub_252
                0x00011a63                isr_stub_253
                0x00011a6f                isr_stub_254
                0x00011a7b                isr_stub_255
                0x00011a87                isr_stub_table
 *fill*         0x00011e87        0x9 
 .text          0x00011e90       0x13 C:/Users/Sniperchicken/Desktop/kernel/build/keyboard.o
                0x00011e90                kb_has_data
                0x00011ea0                kb_read_scancode
 *fill*         0x00011ea3       0x1d 
 .text          0x00011ec0      0x2e0 C:/Users/Sniperchicken/Desktop/kernel/build/console.o
                0x00011ec0                k_memset
                0x00011f10                console_prompt
                0x00011f30                console_init
                0x00011f60                console_handle_scancode
 .text          0x000121a0      0x3d8 C:/Users/Sniperchicken/Desktop/kernel/build/print.o
                0x00012250                vga_cursor_disable
                0x00012270                vga_cursor_enable_underscore
                0x000122a0                console_set_cursor
                0x00012310                put_char_at
                0x00012340                vga_screen_clear
                0x000123c0                print
 *fill*         0x00012578        0x8 
 .text          0x00012580       0x4d C:/Users/Sniperchicken/Desktop/kernel/build/kstring.o
                0x00012580                kstreq
 *fill*         0x000125cd        0x3 
 .text          0x000125d0       0x52 C:/Users/Sniperchicken/Desktop/kernel/build/kernel.o
                0x000125d0                kmain
 *fill*         0x00012622       0x1e 
 .text          0x00012640      0x183 C:/Users/Sniperchicken/Desktop/kernel/build/idt.o
                0x000126c0                idt_init
                0x00012760                isr_handler
 .text          0x000127c3        0x0 C:/Users/Sniperchicken/Desktop/kernel/build/io.o

.iplt           0x000127c3        0x0
 .iplt          0x000127c3        0x0 C:/Users/Sniperchicken/Desktop/kernel/build/k32_entry.o

.rodata         0x000127e0      0x164
 *(.rodata*)
 .rodata.str1.1
                0x000127e0       0x5a C:/Users/Sniperchicken/Desktop/kernel/build/console.o
                                 0x27 (size before relaxing)
 *fill*         0x0001283a        0x6 
 .rodata        0x00012840      0x100 C:/Users/Sniperchicken/Desktop/kernel/build/console.o
 .rodata.cst2   0x00012940        0x4 C:/Users/Sniperchicken/Desktop/kernel/build/console.o
                                  0x2 (size before relaxing)
 .rodata.str1.1
                0x00012944        0x0 C:/Users/Sniperchicken/Desktop/kernel/build/kernel.o
                                  0xf (size before relaxing)
 .rodata.str1.1
                0x00012944        0x0 C:/Users/Sniperchicken/Desktop/kernel/build/idt.o
                                 0x26 (size before relaxing)
 .rodata.cst2   0x00012944        0x0 C:/Users/Sniperchicken/Desktop/kernel/build/idt.o
                                  0x2 (size before relaxing)

.rel.dyn        0x00012944        0x0
 .rel.got       0x00012944        0x0 C:/Users/Sniperchicken/Desktop/kernel/build/k32_entry.o
 .rel.iplt      0x00012944        0x0 C:/Users/Sniperchicken/Desktop/kernel/build/k32_entry.o

.data           0x00012950      0x806
 *(.data*)
 .data          0x00012950      0x806 C:/Users/Sniperchicken/Desktop/kernel/build/k32_entry.o
 .data          0x00013156        0x0 C:/Users/Sniperchicken/Desktop/kernel/build/keyboard.o
 .data          0x00013156        0x0 C:/Users/Sniperchicken/Desktop/kernel/build/console.o
 .data          0x00013156        0x0 C:/Users/Sniperchicken/Desktop/kernel/build/print.o
 .data          0x00013156        0x0 C:/Users/Sniperchicken/Desktop/kernel/build/kstring.o
 .data          0x00013156        0x0 C:/Users/Sniperchicken/Desktop/kernel/build/kernel.o
 .data          0x00013156        0x0 C:/Users/Sniperchicken/Desktop/kernel/build/idt.o
 .data          0x00013156        0x0 C:/Users/Sniperchicken/Desktop/kernel/build/io.o

.got            0x00013158        0x0
 .got           0x00013158        0x0 C:/Users/Sniperchicken/Desktop/kernel/build/k32_entry.o

.got.plt        0x00013158        0x0
 .got.plt       0x00013158        0x0 C:/Users/Sniperchicken/Desktop/kernel/build/k32_entry.o

.igot.plt       0x00013158        0x0
 .igot.plt      0x00013158        0x0 C:/Users/Sniperchicken/Desktop/kernel/build/k32_entry.o

.bss            0x00013160      0x8e0
 *(COMMON)
 *(.bss*)
 .bss           0x00013160        0x0 C:/Users/Sniperchicken/Desktop/kernel/build/keyboard.o
 .bss           0x00013160       0xa0 C:/Users/Sniperchicken/Desktop/kernel/build/console.o
 .bss           0x00013200        0x2 C:/Users/Sniperchicken/Desktop/kernel/build/print.o
 .bss           0x00013202        0x0 C:/Users/Sniperchicken/Desktop/kernel/build/kstring.o
 .bss           0x00013202        0x0 C:/Users/Sniperchicken/Desktop/kernel/build/kernel.o
 *fill*         0x00013202       0x1e 
 .bss           0x00013220      0x820 C:/Users/Sniperchicken/Desktop/kernel/build/idt.o
 .bss           0x00013a40        0x0 C:/Users/Sniperchicken/Desktop/kernel/build/io.o
                0x00011000                        KERNEL32_ADDR = 0x11000
LOAD C:/Users/Sniperchicken/Desktop/kernel/build/k32_entry.o
LOAD C:/Users/Sniperchicken/Desktop/kernel/build/kernel/isr.o
LOAD C:/Users/Sniperchicken/Desktop/kernel/build/keyboard.o
LOAD C:/Users/Sniperchicken/Desktop/kernel/build/console.o
LOAD C:/Users/Sniperchicken/Desktop/kernel/build/print.o
LOAD C:/Users/Sniperchicken/Desktop/kernel/build/kstring.o
LOAD C:/Users/Sniperchicken/Desktop/kernel/build/kernel.o
LOAD C:/Users/Sniperchicken/Desktop/kernel/build/idt.o
LOAD C:/Users/Sniperchicken/Desktop/kernel/build/io.o
OUTPUT(C:/Users/Sniperchicken/Desktop/kernel/build/kernel32.elf elf32-i386)

.comment        0x00000000       0x12
 .comment       0x00000000       0x12 C:/Users/Sniperchicken/Desktop/kernel/build/keyboard.o
                                 0x13 (size before relaxing)
 .comment       0x00000012        0x0 C:/Users/Sniperchicken/Desktop/kernel/build/console.o
                                 0x13 (size before relaxing)
 .comment       0x00000012        0x0 C:/Users/Sniperchicken/Desktop/kernel/build/print.o
                                 0x13 (size before relaxing)
 .comment       0x00000012        0x0 C:/Users/Sniperchicken/Desktop/kernel/build/kstring.o
                                 0x13 (size before relaxing)
 .comment       0x00000012        0x0 C:/Users/Sniperchicken/Desktop/kernel/build/kernel.o
                                 0x13 (size before relaxing)
 .comment       0x00000012        0x0 C:/Users/Sniperchicken/Desktop/kernel/build/idt.o
                                 0x13 (size before relaxing)
 .comment       0x00000012        0x0 C:/Users/Sniperchicken/Desktop/kernel/build/io.o
                                 0x13 (size before relaxing)
